// Jest Snapshot v1, https://goo.gl/fbAQLP

exports[`<Contador /> Primer SnapShot: <Contador /> 1`] = `
<div
  className="cantidad_productos"
>
  5
</div>
`;
