// Jest Snapshot v1, https://goo.gl/fbAQLP

exports[`<ItemSubTotal /> Primer SnapShot: <ItemSubTotal /> 1`] = `
<div
  className="sub_total_container"
>
  <div
    className="Sub_total_title"
  >
    Subtotal de productos
  </div>
  <div
    className="sub_total_value"
  >
    CLPÂ 1,000
  </div>
</div>
`;
